PHPUnit 11.5.55 by Sebastian Bergmann and contributors.

Runtime:       PHP 8.2.12
Configuration: C:\Users\Lab Komputer SPH\saddhu-sync-sistem-informasi-manajemen-dana-sosial-dan-operasional-vihara\phpunit.xml

F                                                                   1 / 1 (100%)

Time: 00:00.825, Memory: 46.00 MB

There was 1 failure:

1) Tests\Feature\InventoryCrudTest::admin_can_perform_full_crud_on_inventory
Failed asserting that '<!DOCTYPE html>\n
<html lang="en">\n
<head>\n
    <meta charset="UTF-8">\n
    <meta name="viewport" content="width=device-width, initial-scale=1.0">\n
    <title>Inventory Item - SaddhuSync Management System</title>\n
        <script src="https://cdn.tailwindcss.com"></script>\n
    <script>\n
        tailwind.config = {\n
            theme: {\n
                extend: {\n
                    colors: {\n
                        'saffron': '#F4A261',\n
                        'rust': '#D62828',\n
                        'gold': '#E8B923',\n
                        'jade': '#2A9D8F',\n
                        'deep-brown': '#3E2723',\n
                    }\n
                }\n
            }\n
        }\n
    </script>\n
    <link rel="stylesheet" href="https://cdnjs.cloudflare.com/ajax/libs/font-awesome/6.4.0/css/all.min.css">\n
    <style>\n
        ::-webkit-scrollbar {\n
            width: 8px;\n
        }\n
        ::-webkit-scrollbar-track {\n
            background: #f1f1f1;\n
        }\n
        ::-webkit-scrollbar-thumb {\n
            background: #F4A261;\n
            border-radius: 4px;\n
        }\n
        body {\n
            font-family: 'Segoe UI', Tahoma, Geneva, Verdana, sans-serif;\n
            background-color: #faf8f3;\n
        }\n
        /* cropper css adjustments */\n
        .cropper-container img {\n
            max-width: 100%;\n
        }\n
        .sidebar {\n
            background: linear-gradient(135deg, #3E2723 0%, #5d4037 100%);\n
            box-shadow: 2px 0 10px rgba(0,0,0,0.1);\n
        }\n
        .nav-link:hover {\n
            background-color: rgba(244, 162, 97, 0.1);\n
            border-left-color: #F4A261;\n
        }\n
        .nav-link.active {\n
            background-color: rgba(244, 162, 97, 0.2);\n
            border-left-color: #F4A261;\n
        }\n
        .btn-spiritual {\n
            background: linear-gradient(135deg, #F4A261 0%, #E8B923 100%);\n
            transition: all 0.3s ease;\n
        }\n
        .btn-animated {\n
            transition: transform 0.2s ease;\n
        }\n
        .btn-animated:hover {\n
            transform: scale(1.05);\n
        }\n
        .password-toggle {\n
            cursor: pointer;\n
        }\n
\n
        .password-toggle {\n
            cursor: pointer;\n
        }\n
        .btn-spiritual:hover {\n
            transform: translateY(-2px);\n
            box-shadow: 0 4px 12px rgba(244, 162, 97, 0.3);\n
        }\n
        .card-spiritual {\n
            background: white;\n
            border-top: 4px solid #F4A261;\n
            box-shadow: 0 2px 8px rgba(0,0,0,0.1);\n
            border-radius: 8px;\n
        }\n
        .stat-box {\n
            background: linear-gradient(135deg, rgba(244, 162, 97, 0.1) 0%, rgba(232, 185, 35, 0.1) 100%);\n
            border-left: 4px solid #F4A261;\n
        }\n
        /* modal animation */\n
        .modal-overlay {\n
            align-items: center;\n
            justify-content: center;\n
            position: fixed;\n
            inset: 0;\n
            background: rgba(0,0,0,0.6);\n
            backdrop-filter: blur(4px);\n
            opacity: 0;\n
            z-index: 50;\n
        }\n
        .modal-overlay.active {\n
            display: flex;\n
            animation: fadeIn 0.25s ease-out forwards;\n
        }\n
        .modal-overlay.closing {\n
            animation: fadeOut 0.2s ease-in forwards;\n
        }\n
        .modal-content {\n
            background: #faf9f7;\n
            border-radius: 12px;\n
            box-shadow: 0 10px 25px rgba(0,0,0,0.2);\n
            width: 400px;\n
            transform: translateY(-20px) scale(0.9);\n
            opacity: 0;\n
            transition: transform 0.25s ease-out, opacity 0.25s ease-out;\n
            position: relative;\n
            overflow: hidden;\n
        }\n
        .modal-content::before {\n
            content: '';\n
            position: absolute;\n
            top: 0; left: 0;\n
            width: 100%; height: 4px;\n
            background: linear-gradient(135deg, #F4A261 0%, #E8B923 100%);\n
        }\n
        .modal-overlay.active .modal-content {\n
            transform: translateY(0) scale(1);\n
            opacity: 1;\n
        }\n
        @keyframes fadeOut {\n
            from { opacity: 1; }\n
            to { opacity: 0; }\n
        }\n
        @keyframes fadeIn {\n
            from { opacity: 0; }\n
            to { opacity: 1; }\n
        }\n
        @keyframes fadeInUp {\n
            from { opacity: 0; transform: translateY(20px); }\n
            to { opacity: 1; transform: translateY(0); }\n
        }\n
        .animate-fade-in-up {\n
            animation: fadeInUp 0.5s ease-out;\n
        }\n
    </style>\n
</head>\n
<body>\n
    <script>\n
        function togglePassword(inputId, iconId) {\n
            const field = document.getElementById(inputId);\n
            const icon = document.getElementById(iconId);\n
            if (field) {\n
                if (field.type === 'password') {\n
                    field.type = 'text';\n
                    if (icon) icon.classList.replace('fa-eye','fa-eye-slash');\n
                } else {\n
                    field.type = 'password';\n
                    if (icon) icon.classList.replace('fa-eye-slash','fa-eye');\n
                }\n
            }\n
        }\n
    </script>\n
    <div class="flex h-screen bg-gray-100">\n
        <!-- Sidebar (only for authenticated users) -->\n
                <aside class="sidebar w-64 text-white flex flex-col">\n
            <div class="p-6 border-b border-amber-600/30">\n
                <div class="text-center mb-2">\n
                    <!-- logo intentionally removed for clarity -->\n
                    <h1 class="text-xl font-bold">SaddhuSync</h1>\n
                    <p class="text-xs text-amber-200">Management System</p>\n
                </div>\n
            </div>\n
\n
            <nav class="flex-1 overflow-y-auto p-4 space-y-2">\n
                <div class="px-4 py-2 text-xs font-semibold text-amber-200 uppercase tracking-wider">Main</div>\n
                <a href="http://localhost/dashboard" class="nav-link px-4 py-3 rounded-lg flex items-center space-x-3 text-sm transition border-l-4 border-transparent ">\n
                    <i class="fas fa-home w-5"></i>\n
                    <span>Dashboard</span>\n
                </a>\n
\n
                <div class="px-4 py-2 text-xs font-semibold text-amber-200 uppercase tracking-wider mt-4">Operations</div>\n
                <a href="http://localhost/members" class="nav-link px-4 py-3 rounded-lg flex items-center space-x-3 text-sm transition border-l-4 border-transparent ">\n
                    <i class="fas fa-users w-5"></i>\n
                    <span>Members</span>\n
                </a>\n
                                <a href="http://localhost/rituals" class="nav-link px-4 py-3 rounded-lg flex items-center space-x-3 text-sm transition border-l-4 border-transparent ">\n
                    <i class="fas fa-bell w-5"></i>\n
                    <span>Rituals & Events</span>\n
                </a>\n
                <a href="http://localhost/donations" class="nav-link px-4 py-3 rounded-lg flex items-center space-x-3 text-sm transition border-l-4 border-transparent ">\n
                    <i class="fas fa-hands-praying w-5"></i>\n
                    <span>Donations</span>\n
                </a>\n
\n
                <div class="px-4 py-2 text-xs font-semibold text-amber-200 uppercase tracking-wider mt-4">Resources</div>\n
                <a href="http://localhost/inventory" class="nav-link px-4 py-3 rounded-lg flex items-center space-x-3 text-sm transition border-l-4 border-transparent active">\n
                    <i class="fas fa-boxes w-5"></i>\n
                    <span>Inventory</span>\n
                </a>\n
                <a href="http://localhost/petty-cash" class="nav-link px-4 py-3 rounded-lg flex items-center space-x-3 text-sm transition border-l-4 border-transparent ">\n
                    <i class="fas fa-coins w-5"></i>\n
                    <span>Petty Cash</span>\n
                </a>\n
\n
                <div class="px-4 py-2 text-xs font-semibold text-amber-200 uppercase tracking-wider mt-4">Reports</div>\n
                <a href="http://localhost/reports/financial-summary" class="nav-link px-4 py-3 rounded-lg flex items-center space-x-3 text-sm transition border-l-4 border-transparent ">\n
                    <i class="fas fa-chart-pie w-5"></i>\n
                    <span>Financial</span>\n
                </a>\n
                <a href="http://localhost/reports/activity-log" class="nav-link px-4 py-3 rounded-lg flex items-center space-x-3 text-sm transition border-l-4 border-transparent">\n
                    <i class="fas fa-history w-5"></i>\n
                    <span>Activity Log</span>\n
                </a>\n
                            </nav>\n
\n
            <div class="p-4 border-t border-amber-600/30">\n
                                    <div class="bg-amber-600/20 rounded-lg p-3 text-xs mb-4">\n
                        <p class="text-amber-100">Logged in as:</p>\n
                        <p class="font-semibold">Meggie Runolfsdottir Jr.</p>\n
                    </div>\n
                    <form action="http://localhost/logout" method="POST">\n
                        <input type="hidden" name="_token" value="4CIpEtu3WyFBh2QNBNFM4d9gzDMntoUSg1WZGgAt" autocomplete="off">                        <button type="submit" class="w-full px-4 py-2 rounded-lg bg-rust/30 hover:bg-rust/40 text-white text-sm transition flex items-center justify-center space-x-2">\n
                            <i class="fas fa-sign-out-alt"></i>\n
                            <span>Logout</span>\n
                        </button>\n
                    </form>\n
                            </div>\n
        </aside>\n
        \n
        <!-- login modal for layout -->\n
        <div id="loginModal" class="modal-overlay fixed inset-0 bg-black bg-opacity-50 hidden">\n
            <div class="modal-content bg-white rounded-lg w-96 p-8 relative">\n
                <button class="absolute top-2 right-2 text-gray-500" onclick="closeModal('loginModal')">&times;</button>\n
                <h2 class="text-2xl font-semibold text-deep-brown mb-4">Sign In</h2>\n
                <form method="POST" action="http://localhost/login" class="space-y-4">\n
                    <input type="hidden" name="_token" value="4CIpEtu3WyFBh2QNBNFM4d9gzDMntoUSg1WZGgAt" autocomplete="off">                    <div>\n
                        <label for="email" class="block text-sm font-medium text-gray-700">Email</label>\n
                        <input id="email" name="email" type="email" required autofocus\n
                            class="mt-1 block w-full px-3 py-2 border border-gray-300 rounded-md focus:outline-none focus:ring-saffron focus:border-saffron">\n
                    </div>\n
                    <div>\n
                        <label for="password" class="block text-sm font-medium text-gray-700">Password</label>\n
                        <input id="password" name="password" type="password" required\n
                            class="mt-1 block w-full px-3 py-2 border border-gray-300 rounded-md focus:outline-none focus:ring-saffron focus:border-saffron">\n
                    </div>\n
                    <div class="flex items-center">\n
                        <input id="remember" type="checkbox" name="remember" class="h-4 w-4 text-saffron focus:ring-saffron border-gray-300 rounded">\n
                        <label for="remember" class="ml-2 block text-sm text-gray-900">Remember me</label>\n
                    </div>\n
                    <div>\n
                        <button type="submit" class="w-full bg-saffron text-white py-2 rounded-lg hover:bg-gold transition btn-animated">\n
                            Sign In\n
                        </button>\n
                    </div>\n
                </form>\n
                <div class="text-center mt-2">\n
                    <a href="http://localhost/register" class="text-sm text-saffron hover:underline" onclick="closeModal('loginModal')">Don't have an account? Register</a>\n
                </div>\n
            </div>\n
        </div>\n
\n
        <!-- Main Content -->\n
        <div class="flex-1 flex flex-col overflow-hidden">\n
            <!-- Header -->\n
            <header class="bg-white border-b border-gray-200 px-8 py-4 shadow-sm">\n
                <div class="flex items-center justify-between">\n
                    <div>\n
                        <h2 class="text-2xl font-bold text-deep-brown">Dashboard</h2>\n
                        <p class="text-sm text-gray-600 mt-1">Inventory details and history</p>\n
                    </div>\n
                    <div class="flex items-center space-x-4">\n
                        <div class="text-right">\n
                            <p class="text-sm font-semibold text-deep-brown">Thursday, March 05, 2026</p>\n
                            <p class="text-xs text-gray-600" id="time"></p>\n
                        </div>\n
                    </div>\n
                </div>\n
            </header>\n
\n
            <!-- Content -->\n
            <main class="flex-1 overflow-y-auto px-8 py-6">\n
                \n
                                    <div class="mb-6 bg-green-50 border border-green-200 rounded-lg p-4 flex items-start space-x-3">\n
                        <i class="fas fa-check-circle text-green-600 mt-1"></i>\n
                        <div>\n
                            <h3 class="font-semibold text-green-800">Success</h3>\n
                            <p class="text-sm text-green-700">Inventory item created successfully!</p>\n
                        </div>\n
                    </div>\n
                \n
                <div class="grid grid-cols-1 lg:grid-cols-3 gap-6 mb-8">\n
    <div class="lg:col-span-2 card-spiritual p-6">\n
        <div class="mb-6 pb-6 border-b border-gray-200">\n
            <div class="grid grid-cols-2 gap-4">\n
                <div>\n
                    <p class="text-xs font-semibold text-gray-600 uppercase">Category</p>\n
                    <p class="text-lg font-medium text-deep-brown mt-1"></p>\n
                </div>\n
                <div>\n
                    <p class="text-xs font-semibold text-gray-600 uppercase">Unit</p>\n
                    <p class="text-lg font-medium text-deep-brown mt-1"></p>\n
                </div>\n
                <div>\n
                    <p class="text-xs font-semibold text-gray-600 uppercase">Current Stock</p>\n
                    <p class="text-2xl font-bold text-saffron mt-1"></p>\n
                </div>\n
                <div>\n
                    <p class="text-xs font-semibold text-gray-600 uppercase">Reorder Level</p>\n
                    <p class="text-lg font-medium text-deep-brown mt-1">-</p>\n
                </div>\n
                <div>\n
                    <p class="text-xs font-semibold text-gray-600 uppercase">Unit Price</p>\n
                    <p class="text-lg font-medium text-deep-brown mt-1">Rp0</p>\n
                </div>\n
                <div>\n
                    <p class="text-xs font-semibold text-gray-600 uppercase">Total Value</p>\n
                    <p class="text-lg font-medium text-gold mt-1">Rp0</p>\n
                </div>\n
            </div>\n
        </div>\n
\n
        \n
            </div>\n
\n
    <div>\n
        <div class="card-spiritual p-6 mb-6">\n
            <h3 class="text-lg font-semibold text-deep-brown mb-4">Actions</h3>\n
            <div class="space-y-2">\n
                <a href="http://localhost/inventory//edit" class="block w-full px-4 py-2 btn-spiritual text-white rounded-lg text-center text-sm font-medium">\n
                    <i class="fas fa-edit"></i> Edit\n
                </a>\n
                <form action="http://localhost/inventory" method="POST" onsubmit="return confirm('Delete this item?');" class="mt-2">\n
                    <input type="hidden" name="_token" value="4CIpEtu3WyFBh2QNBNFM4d9gzDMntoUSg1WZGgAt" autocomplete="off">                    <input type="hidden" name="_method" value="DELETE">                    <button type="submit" class="block w-full px-4 py-2 bg-red-600 text-white rounded-lg text-center text-sm font-medium">\n
                        <i class="fas fa-trash-alt"></i> Delete\n
                    </button>\n
                </form>\n
                <button onclick="openAdjustForm()" class="block w-full px-4 py-2 bg-blue-100 text-blue-700 rounded-lg text-center text-sm font-medium hover:bg-blue-200">\n
                    <i class="fas fa-plus"></i> Adjust Stock\n
                </button>\n
            </div>\n
        </div>\n
\n
        <div id="adjustForm" class="card-spiritual p-6 hidden">\n
            <h3 class="text-lg font-semibold text-deep-brown mb-4">Adjust Stock</h3>\n
            <form action="http://localhost/inventory//adjust-stock" method="POST" class="space-y-4">\n
                <input type="hidden" name="_token" value="4CIpEtu3WyFBh2QNBNFM4d9gzDMntoUSg1WZGgAt" autocomplete="off">                <div>\n
                    <label class="block text-sm font-semibold text-deep-brown mb-2">Quantity Change</label>\n
                    <input type="number" name="quantity_change" required\n
                        class="w-full px-4 py-2 border border-gray-300 rounded-lg"\n
                        placeholder="Positive or negative">\n
                </div>\n
                <div>\n
                    <label class="block text-sm font-semibold text-deep-brown mb-2">Reason</label>\n
                    <input type="text" name="reason" required\n
                        class="w-full px-4 py-2 border border-gray-300 rounded-lg"\n
                        placeholder="e.g., Stock received, Damaged, Used">\n
                </div>\n
                <button type="submit" class="w-full btn-spiritual px-4 py-2 text-white rounded-lg font-medium">\n
                    Submit\n
                </button>\n
            </form>\n
        </div>\n
    </div>\n
</div>\n
\n
<script>\n
function openAdjustForm() {\n
    document.getElementById('adjustForm').classList.toggle('hidden');\n
}\n
</script>\n
            </main>\n
        </div>\n
    </div>\n
\n
    <script>\n
        // Global modal helpers available on every page\n
        function openModal(id) {\n
            const el = document.getElementById(id);\n
            if (!el) return;\n
            el.classList.remove('hidden');\n
            // add active for layouts that animate on .active\n
            el.classList.add('active');\n
            // custom hook for pages that need to react when a modal appears\n
            if (window.afterModalOpen) {\n
                try { window.afterModalOpen(id); } catch(e){ console.error('afterModalOpen error', e); }\n
            }\n
        }\n
        function closeModal(id) {\n
            const el = document.getElementById(id);\n
            if (!el) return;\n
            // animate closing by toggling closing class if present\n
            el.classList.add('closing');\n
            el.classList.remove('active');\n
            // after animation remove display\n
            setTimeout(() => el.classList.add('hidden'), 200);\n
        }\n
\n
        // click outside to close\n
        document.addEventListener('click', function(e) {\n
            const target = e.target;\n
            if (target.classList && (target.classList.contains('modal-overlay') || target.classList.contains('bg-opacity-50'))) {\n
                // find parent modal overlay\n
                let overlay = target;\n
                if (!overlay.classList.contains('modal-overlay')) {\n
                    overlay = target.closest('.modal-overlay');\n
                }\n
                if (overlay) {\n
                    overlay.classList.add('closing');\n
                    overlay.classList.remove('active');\n
                    setTimeout(() => overlay.classList.add('hidden'), 200);\n
                }\n
            }\n
        });\n
\n
        // close on Escape\n
        document.addEventListener('keydown', function(e) {\n
            if (e.key === 'Escape') {\n
                document.querySelectorAll('.modal-overlay.active').forEach(el => {\n
                    el.classList.add('closing');\n
                    el.classList.remove('active');\n
                    setTimeout(() => el.classList.add('hidden'), 200);\n
                });\n
            }\n
        });\n
\n
        function updateTime() {\n
            const now = new Date();\n
            const t = document.getElementById('time');\n
            if (t) t.textContent = now.toLocaleTimeString();\n
        }\n
        updateTime();\n
        setInterval(updateTime, 1000);\n
    </script>\n
    </body>\n
</html>\n
' [ASCII](length: 20074) contains "Test Item" [ASCII](length: 9).

C:\Users\Lab Komputer SPH\saddhu-sync-sistem-informasi-manajemen-dana-sosial-dan-operasional-vihara\vendor\laravel\framework\src\Illuminate\Testing\TestResponseAssert.php:45
C:\Users\Lab Komputer SPH\saddhu-sync-sistem-informasi-manajemen-dana-sosial-dan-operasional-vihara\vendor\laravel\framework\src\Illuminate\Testing\TestResponse.php:709
C:\Users\Lab Komputer SPH\saddhu-sync-sistem-informasi-manajemen-dana-sosial-dan-operasional-vihara\tests\Feature\InventoryCrudTest.php:39

--

There was 1 risky test:

1) Tests\Feature\InventoryCrudTest::admin_can_perform_full_crud_on_inventory
Test code or tested code did not close its own output buffers

C:\Users\Lab Komputer SPH\saddhu-sync-sistem-informasi-manajemen-dana-sosial-dan-operasional-vihara\tests\Feature\InventoryCrudTest.php:15

FAILURES!
Tests: 1, Assertions: 7, Failures: 1, PHPUnit Deprecations: 8, Risky: 1.
